[memoryiit.com/create.html]
[memoryiit.com/_next/static/css/b80c2cef9bcf1d42d743.css]
[memoryiit.com/_next/static/css/13ade2c17d53e2d2d743.css]
[memoryiit.com/_next/static/chunks/webpack-6c8f5765f8498025d743.js]
[memoryiit.com/_next/static/chunks/4bd1b696-791d2189e42a38e4d743.js]
[memoryiit.com/_next/static/chunks/9da6db1e-8f10c927e8807314d743.js]
[memoryiit.com/_next/static/chunks/6922-739fe831f2835e49d743.js]
[memoryiit.com/_next/static/chunks/main-app-e5be710ab5f28b47d743.js]
[memoryiit.com/_next/static/chunks/2797-98d28b5e85160a4bd743.js]
[memoryiit.com/_next/static/chunks/2848-da10e80353973a64d743.js]
[memoryiit.com/_next/static/chunks/1619-0d260849923a9abcd743.js]
[memoryiit.com/_next/static/chunks/9052-808b1158548e7f1ad743.js]
[memoryiit.com/_next/static/chunks/6874-0cb6a1b7d5eede11d743.js]
[memoryiit.com/_next/static/chunks/3942-77965ea4975d9640d743.js]
[memoryiit.com/_next/static/chunks/8278-e8bcb7e754fe9cfad743.js]
[memoryiit.com/_next/static/chunks/7655-e8d396a5238c84dcd743.js]
[memoryiit.com/_next/static/chunks/774-360f4dbadcef6cd0d743.js]
[memoryiit.com/_next/static/chunks/391-3aed6820d849da05d743.js]
[memoryiit.com/_next/static/chunks/app/(public)/layout-f13a695512167eb3d743.js]
[memoryiit.com/_next/static/chunks/70e0d97a-e9f2507dda2ac4a0d743.js]
[memoryiit.com/_next/static/chunks/54a60aa6-7f5191bd7cce99ead743.js]
[memoryiit.com/_next/static/chunks/f4898fe8-abaa8bbf57901c6bd743.js]
[memoryiit.com/_next/static/chunks/9106-61603962fd18f037d743.js]
[memoryiit.com/_next/static/chunks/5005-2875ed3c4784a51ad743.js]
[memoryiit.com/_next/static/chunks/6641-d077e70adcbc4323d743.js]
[memoryiit.com/_next/static/chunks/3725-5b031661b8649361d743.js]
[memoryiit.com/_next/static/chunks/2960-8741f9c462fcb501d743.js]
[memoryiit.com/_next/static/chunks/4311-e41325bdca5ec764d743.js]
[memoryiit.com/_next/static/chunks/2280-42a5f40a882a218bd743.js]
[memoryiit.com/_next/static/chunks/5710-83ccfca3474066ebd743.js]
[memoryiit.com/_next/static/chunks/708-76cc665d76318abed743.js]
[memoryiit.com/_next/static/chunks/app/(public)/create/page-d4c797861c928159d743.js]
[memoryiit.com/_next/static/chunks/4150-a49c03ba98674e72d743.js]
[memoryiit.com/_next/static/chunks/app/(public)/(landing)/page-2768fc76871ec533d743.js]
[backblue.gif]
[fade.gif]
[index.html]
[memoryiit.com/_next/static/chunks/app/layout-c4fad48dab29bb95d743.js]
[memoryiit.com/manifest.json]
[memoryiit.com/favicon/favicon-32x32.png]
[memoryiit.com/favicon.ico]
[memoryiit.com/favicon/favicon.ico]
[memoryiit.com/favicon/apple-touch-icon.png]
[memoryiit.com/_next/static/chunks/polyfills-42372ed130431b0ad743.js]
[memoryiit.com/index.html]
[memoryiit.com/images/memoryiit-icon.svg]
[memoryiit.com/_next/memoryiit-icon5635.png]
[memoryiit.com/login.html]
[memoryiit.com/images/icons/stripe.svg]
[memoryiit.com/images/icons/tiktok.svg]
[memoryiit.com/terms-of-use.html]
[memoryiit.com/privacy-policy.html]
[memoryiit.com/_next/logo-skyiit317f.png]
[memoryiit.com/static/chunks/2797-98d28b5e85160a4b.31d743.delayed]
[memoryiit.com/static/chunks/2848-da10e80353973a64.32d743.delayed]
[memoryiit.com/static/chunks/1619-0d260849923a9abc.33d743.delayed]
[memoryiit.com/static/chunks/9052-808b1158548e7f1a.34d743.delayed]
[memoryiit.com/static/chunks/6874-0cb6a1b7d5eede11.35d743.delayed]
[memoryiit.com/static/chunks/3942-77965ea4975d9640.36d743.delayed]
[memoryiit.com/static/chunks/8278-e8bcb7e754fe9cfa.37d743.delayed]
[memoryiit.com/static/chunks/7655-e8d396a5238c84dc.38d743.delayed]
[memoryiit.com/static/chunks/774-360f4dbadcef6cd0.39d743.delayed]
[memoryiit.com/static/chunks/391-3aed6820d849da05.3ad743.delayed]
[memoryiit.com/static/chunks/70e0d97a-e9f2507dda2ac4a0.3bd743.delayed]
[memoryiit.com/static/chunks/54a60aa6-7f5191bd7cce99ea.3cd743.delayed]
[memoryiit.com/static/chunks/f4898fe8-abaa8bbf57901c6b.3dd743.delayed]
[memoryiit.com/static/chunks/9106-61603962fd18f037.3ed743.delayed]
[memoryiit.com/static/chunks/5005-2875ed3c4784a51a.3fd743.delayed]
[memoryiit.com/ic/chunks/6641-d077e70adcbc4323.40d743.delayed]
[memoryiit.com/static/chunks/3725-5b031661b8649361.41d743.delayed]
[memoryiit.com/static/chunks/2960-8741f9c462fcb501.42d743.delayed]
[memoryiit.com/static/chunks/4311-e41325bdca5ec764.43d743.delayed]
[memoryiit.com/static/chunks/2280-42a5f40a882a218b.44d743.delayed]
[memoryiit.com/static/chunks/5710-83ccfca3474066eb.45d743.delayed]
[memoryiit.com/static/chunks/708-76cc665d76318abe.46d743.delayed]
[memoryiit.com/static/chunks/4150-a49c03ba98674e72.47d743.delayed]
[memoryiit.com/create.html]
[memoryiit.com/_next/static/css/b80c2cef9bcf1d42d743.css]
[memoryiit.com/_next/static/css/13ade2c17d53e2d2d743.css]
[memoryiit.com/images/icons/give-gift-self-made.svg]
[memoryiit.com/_next/user0157c1.jpg]
[memoryiit.com/_next/user02aac8.png]
[memoryiit.com/_next/user0334b4.jpg]
[memoryiit.com/_next/user042a57.jpg]
[memoryiit.com/_next/user055976.jpg]
[memoryiit.com/_next/hero-banner9cb6.png]
[memoryiit.com/images/icons/gift.svg]
[memoryiit.com/images/icons/trust.svg]
[memoryiit.com/images/icons/social-media.svg]
[memoryiit.com/index.html]
[memoryiit.com/images/memoryiit-icon.svg]
[memoryiit.com/not-found.html]
[memoryiit.com/_next/static/chunks/7898-f5232c4d556ecdb5d743.js]
[memoryiit.com/_next/static/chunks/app/(public)/login/page-b17248dade463555d743.js]
[memoryiit.com/static/chunks/7898-f5232c4d556ecdb5.5ed743.delayed]
[memoryiit.com/atic/chunks/9052-808b1158548e7f1a.5fd743.delayed]
[memoryiit.com/login.html]
[memoryiit.com/images/icons/stripe.svg]
[memoryiit.com/images/icons/tiktok.svg]
[memoryiit.com/_next/static/chunks/app/(public)/(legal)/terms-of-use/page-a27ddccc86837d1cd743.js]
[memoryiit.com/terms-of-use.html]
[memoryiit.com/_next/static/chunks/app/(public)/(legal)/privacy-policy/page-5c0719e29fd9d074d743.js]
[memoryiit.com/privacy-policy.html]
[memoryiit.com/static/chunks/2797-98d28b5e85160a4bd743.html]
[memoryiit.com/static/chunks/2848-da10e80353973a64d743.html]
[memoryiit.com/static/chunks/1619-0d260849923a9abcd743.html]
[memoryiit.com/static/chunks/9052-808b1158548e7f1ad743.html]
[memoryiit.com/static/chunks/6874-0cb6a1b7d5eede11d743.html]
[memoryiit.com/static/chunks/3942-77965ea4975d9640d743.html]
[memoryiit.com/static/chunks/8278-e8bcb7e754fe9cfad743.html]
[memoryiit.com/static/chunks/7655-e8d396a5238c84dcd743.html]
[memoryiit.com/static/chunks/774-360f4dbadcef6cd0d743.html]
[memoryiit.com/static/chunks/391-3aed6820d849da05d743.html]
[memoryiit.com/static/chunks/70e0d97a-e9f2507dda2ac4a0d743.html]
[memoryiit.com/static/chunks/54a60aa6-7f5191bd7cce99ead743.html]
[memoryiit.com/static/chunks/f4898fe8-abaa8bbf57901c6bd743.html]
[memoryiit.com/static/chunks/9106-61603962fd18f037d743.html]
[memoryiit.com/static/chunks/5005-2875ed3c4784a51ad743.html]
[memoryiit.com/ic/chunks/6641-d077e70adcbc4323d743.html]
[memoryiit.com/static/chunks/3725-5b031661b8649361d743.html]
[memoryiit.com/static/chunks/2960-8741f9c462fcb501d743.html]
[memoryiit.com/static/chunks/4311-e41325bdca5ec764d743.html]
[memoryiit.com/static/chunks/2280-42a5f40a882a218bd743.html]
[memoryiit.com/static/chunks/5710-83ccfca3474066ebd743.html]
[memoryiit.com/static/chunks/708-76cc665d76318abed743.html]
[memoryiit.com/static/chunks/4150-a49c03ba98674e72d743.html]
[memoryiit.com/images/icons/give-gift-self-made.svg]
[memoryiit.com/images/icons/gift.svg]
[memoryiit.com/images/icons/payment.svg]
[memoryiit.com/images/icons/qrcode.svg]
[memoryiit.com/images/icons/share.svg]
[memoryiit.com/images/icons/trust.svg]
[memoryiit.com/images/icons/giving-love.svg]
[memoryiit.com/images/icons/social-media.svg]
[memoryiit.com/images/icons/followers.svg]
[memoryiit.com/images/icons/like.svg]
[memoryiit.com/images/icons/infinity-self-made.svg]
[memoryiit.com/images/icons/infinity.svg]
[memoryiit.com/_next/static/chunks/app/(public)/not-found/page-5fbc38a5aa38e3cbd743.js]
[memoryiit.com/not-found.html]
[memoryiit.com/static/chunks/7898-f5232c4d556ecdb5d743.html]
[memoryiit.com/atic/chunks/9052-808b1158548e7f1ad743.html]
